Error: shell not specified
Usage:
  completion SHELL [flags]

Flags:
  -h, --help   help for completion

