NAMESPACE    NAME       STATUS      AGE   DURATION   PRIORITY
namespace1   fake-wf1   completed   5m    3m         0
namespace2   fake-wf2   completed   5m    3m         0
