NAME      STATUS      AGE   DURATION   PRIORITY
fake-wf   completed   5m    3m         0
