Retrieve statuses of deployed cluster components

Usage:
  status [flags]

Flags:
  -h, --help   help for status
