Bootstrap the ephemeral host

Usage:
  remotedirect [flags]

Flags:
  -h, --help   help for remotedirect
