Perform actions on baremetal hosts

Usage:
  baremetal [command]

Available Commands:
  ejectmedia   Eject media attached to a baremetal host
  help         Help about any command
  poweroff     Shutdown a baremetal host
  poweron      Power on a host
  powerstatus  Retrieve the power status of a baremetal host
  reboot       Reboot a host
  remotedirect Bootstrap the ephemeral host

Flags:
  -h, --help   help for baremetal

Use "baremetal [command] --help" for more information about a command.
