Reboot a host

Usage:
  reboot BAREMETAL_HOST_DOC_NAME [flags]

Flags:
  -h, --help           help for reboot
      --phase string   airshipctl phase that contains the desired baremetal host document(s) (default "bootstrap")
