airshipctl is a unified entrypoint to various airship components

Usage:
  airshipctl [command]

Available Commands:
  help        Help about any command
  version     Show the version number of airshipctl and its underlying tools

Flags:
      --debug               enable verbose output
  -h, --help                help for airshipctl
      --kubeconfig string   path to kubeconfig

Additional help topics:
  airshipctl workflow access to workflows

Use "airshipctl [command] --help" for more information about a command.
