Error: Not implemented
Usage:
  remote [flags]

Flags:
  -h, --help   help for remote

