Option 'insecure' set to 'true' for management configuration 'default'.
