Management configuration 'default' not modified. No new settings.
