Option 'useproxy' set to 'true' for management configuration 'default'
