Pulls documents from remote git repository

Usage:
  pull [flags]

Flags:
  -h, --help   help for pull
