Render documents from model

Usage:
  render [flags]

Flags:
  -a, --annotation stringArray   filter documents by Annotations
  -g, --apiversion stringArray   filter documents by API version
  -f, --filter string            logical expression for document filtering
  -h, --help                     help for render
  -k, --kind stringArray         filter documents by Kinds
  -l, --label stringArray        filter documents by Labels
