Context "def_target" not modified. No new options provided.
