Error: accepts 1 arg(s), received 0
Usage:
  import <kubeConfig> [flags]

Examples:

# Import from a kubeConfig file"
airshipctl config import $HOME/.kube/config


Flags:
  -h, --help   help for import

