Option 'type' set to 'redfish-dell' for management configuration 'default'.
Option 'useproxy' set to 'true' for management configuration 'default'
