LocationOfOrigin: ""
client-certificate: AuthInfoFoo_certificate
client-key: AuthInfoFoo_key
password: AuthInfoFoo_password
token: AuthInfoFoo_token
username: AuthInfoFoo_user

