Interactions with kubernetes cluster, such as get status, deploy initial infrastructure

