Kind       Name               Status
Resource   pending-resource   Pending
Resource   stable-resource    Stable
